[     350ms] [INFO] %cDownload the React DevTools for a better development experience: https://react.dev/link/react-devtools font-weight:bold @ http://localhost:5173/node_modules/.vite/deps/react-dom_client.js?v=f017383b:14336
[ 6725618ms] [ERROR] Failed to load resource: the server responded with a status of 401 (UNAUTHORIZED) @ http://localhost:5000/api/notifications/unread-count:0
[ 6725663ms] [ERROR] Failed to load resource: the server responded with a status of 401 (UNAUTHORIZED) @ http://localhost:5000/api/auth/refresh:0
[ 6757001ms] [ERROR] Failed to load resource: the server responded with a status of 401 (UNAUTHORIZED) @ http://localhost:5000/api/notifications/unread-count:0
[ 6788356ms] [ERROR] Failed to load resource: the server responded with a status of 401 (UNAUTHORIZED) @ http://localhost:5000/api/notifications/unread-count:0
[ 6819718ms] [ERROR] Failed to load resource: the server responded with a status of 401 (UNAUTHORIZED) @ http://localhost:5000/api/notifications/unread-count:0
[ 6851050ms] [ERROR] Failed to load resource: the server responded with a status of 401 (UNAUTHORIZED) @ http://localhost:5000/api/notifications/unread-count:0
[ 6882374ms] [ERROR] Failed to load resource: the server responded with a status of 401 (UNAUTHORIZED) @ http://localhost:5000/api/notifications/unread-count:0
[ 6913723ms] [ERROR] Failed to load resource: the server responded with a status of 401 (UNAUTHORIZED) @ http://localhost:5000/api/notifications/unread-count:0
[ 6945043ms] [ERROR] Failed to load resource: the server responded with a status of 401 (UNAUTHORIZED) @ http://localhost:5000/api/notifications/unread-count:0
[ 6976386ms] [ERROR] Failed to load resource: the server responded with a status of 401 (UNAUTHORIZED) @ http://localhost:5000/api/notifications/unread-count:0
[ 7007687ms] [ERROR] Failed to load resource: the server responded with a status of 401 (UNAUTHORIZED) @ http://localhost:5000/api/notifications/unread-count:0
[ 7038816ms] [ERROR] Failed to load resource: the server responded with a status of 401 (UNAUTHORIZED) @ http://localhost:5000/api/notifications/unread-count:0
[ 7068839ms] [ERROR] Failed to load resource: the server responded with a status of 401 (UNAUTHORIZED) @ http://localhost:5000/api/notifications/unread-count:0
[ 7100667ms] [ERROR] Failed to load resource: the server responded with a status of 401 (UNAUTHORIZED) @ http://localhost:5000/api/notifications/unread-count:0
[ 7132085ms] [ERROR] Failed to load resource: the server responded with a status of 401 (UNAUTHORIZED) @ http://localhost:5000/api/notifications/unread-count:0
[ 7163469ms] [ERROR] Failed to load resource: the server responded with a status of 401 (UNAUTHORIZED) @ http://localhost:5000/api/notifications/unread-count:0
[ 7194726ms] [ERROR] Failed to load resource: the server responded with a status of 401 (UNAUTHORIZED) @ http://localhost:5000/api/notifications/unread-count:0
[ 7226170ms] [ERROR] Failed to load resource: the server responded with a status of 401 (UNAUTHORIZED) @ http://localhost:5000/api/notifications/unread-count:0
[ 7232054ms] [LOG] [vite] server connection lost. Polling for restart... @ http://localhost:5173/@vite/client:992
[ 7254805ms] [INFO] %cDownload the React DevTools for a better development experience: https://react.dev/link/react-devtools font-weight:bold @ http://localhost:5173/node_modules/.vite/deps/react-dom_client.js?v=f017383b:14336
[ 7255840ms] [VERBOSE] [DOM] Input elements should have autocomplete attributes (suggested: "current-password"): (More info: https://goo.gl/9p2vKq) %o @ http://localhost:5173/login:0
